2026-01-06 23:50:31,845 [INFO] Command: help
2026-01-06 23:50:32,018 [INFO] Command: version
2026-01-06 23:50:32,019 [INFO] Version: 1.0.0
2026-01-06 23:50:32,175 [INFO] Command: detect
2026-01-06 23:50:32,176 [INFO] Running detect command
2026-01-06 23:50:32,176 [ERROR] No DokuWiki installations found
2026-01-06 23:51:24,074 [INFO] Command: help
2026-01-06 23:51:24,290 [INFO] Command: version
2026-01-06 23:51:24,290 [INFO] Version: 1.0.0
2026-01-06 23:51:24,531 [INFO] Command: detect
2026-01-06 23:51:24,531 [INFO] Running detect command
2026-01-06 23:51:24,532 [ERROR] No DokuWiki installations found
2026-01-06 23:51:46,445 [INFO] Command: help
2026-01-06 23:51:46,606 [INFO] Command: version
2026-01-06 23:51:46,606 [INFO] Version: 1.0.0
2026-01-06 23:51:46,753 [INFO] Command: detect
2026-01-06 23:51:46,753 [INFO] Running detect command
2026-01-06 23:51:46,754 [ERROR] No DokuWiki installations found
2026-01-06 23:51:56,514 [INFO] Command: help
2026-01-06 23:51:56,709 [INFO] Command: version
2026-01-06 23:51:56,709 [INFO] Version: 1.0.0
2026-01-06 23:51:56,890 [INFO] Command: detect
2026-01-06 23:51:56,890 [INFO] Running detect command
2026-01-06 23:51:56,890 [ERROR] No DokuWiki installations found
2026-01-06 23:52:21,896 [INFO] Command: help
2026-01-06 23:52:22,044 [INFO] Command: version
2026-01-06 23:52:22,044 [INFO] Version: 1.0.0
2026-01-06 23:52:22,195 [INFO] Command: detect
2026-01-06 23:52:22,195 [INFO] Running detect command
2026-01-06 23:52:22,195 [ERROR] No DokuWiki installations found
2026-01-06 23:54:32,079 [INFO] Command: help
2026-01-06 23:54:32,254 [INFO] Command: version
2026-01-06 23:54:32,255 [INFO] Version: 1.0.0
2026-01-06 23:54:32,412 [INFO] Command: detect
2026-01-06 23:54:32,412 [INFO] Running detect command
2026-01-06 23:54:32,413 [ERROR] No DokuWiki installations found
2026-01-06 23:55:41,945 [INFO] Command: help
2026-01-06 23:55:42,143 [INFO] Command: version
2026-01-06 23:55:42,143 [INFO] Version: 1.0.0
2026-01-06 23:55:42,308 [INFO] Command: detect
2026-01-06 23:55:42,308 [INFO] Running detect command
2026-01-06 23:55:42,309 [ERROR] No DokuWiki installations found
2026-01-06 23:55:48,932 [INFO] Checkpoint saved: /tmp/tmpclln_hxk/.migration_checkpoint.json
2026-01-06 23:55:48,932 [INFO] Checkpoint saved: /tmp/tmpclln_hxk/.migration_checkpoint.json
2026-01-06 23:55:48,933 [INFO] Checkpoint saved: /tmp/tmpclln_hxk/.migration_checkpoint.json
2026-01-06 23:55:48,935 [INFO] Incomplete migration archived: /home/codespace/Downloads/20260106_bookstack_migrate_incomplete.tar.gz
